// Jest Snapshot v1, https://goo.gl/fbAQLP

exports[`<ForecastWeather /> renders ForeCastWeather unchanged 1`] = `
<div>
  <div>
    <h2>
      Pronóstico extendido
    </h2>
    <div
      class="containerGrid"
      data-testid="list"
    >
      <div
        class="gridItem"
        data-testid="listitem"
      >
        <h3>
          jueves, 9 de junio
        </h3>
        <p>
          Máx: 
          18.68
          °
        </p>
        <p>
          Min: 
          9.8
          °
        </p>
        <p>
          Amanecer: 
          8:29
          hs
        </p>
        <p>
          Atardecer: 
          18:37
          hs
        </p>
      </div>
      <div
        class="gridItem"
        data-testid="listitem"
      >
        <h3>
          viernes, 10 de junio
        </h3>
        <p>
          Máx: 
          13.66
          °
        </p>
        <p>
          Min: 
          7.24
          °
        </p>
        <p>
          Amanecer: 
          8:29
          hs
        </p>
        <p>
          Atardecer: 
          18:37
          hs
        </p>
      </div>
      <div
        class="gridItem"
        data-testid="listitem"
      >
        <h3>
          sábado, 11 de junio
        </h3>
        <p>
          Máx: 
          19.91
          °
        </p>
        <p>
          Min: 
          7.83
          °
        </p>
        <p>
          Amanecer: 
          8:30
          hs
        </p>
        <p>
          Atardecer: 
          18:37
          hs
        </p>
      </div>
      <div
        class="gridItem"
        data-testid="listitem"
      >
        <h3>
          domingo, 12 de junio
        </h3>
        <p>
          Máx: 
          21.22
          °
        </p>
        <p>
          Min: 
          9.06
          °
        </p>
        <p>
          Amanecer: 
          8:30
          hs
        </p>
        <p>
          Atardecer: 
          18:37
          hs
        </p>
      </div>
      <div
        class="gridItem"
        data-testid="listitem"
      >
        <h3>
          lunes, 13 de junio
        </h3>
        <p>
          Máx: 
          19.43
          °
        </p>
        <p>
          Min: 
          9.52
          °
        </p>
        <p>
          Amanecer: 
          8:31
          hs
        </p>
        <p>
          Atardecer: 
          18:37
          hs
        </p>
      </div>
    </div>
  </div>
</div>
`;
